// 重构日志: ecdab7d3
// 重构日志: bbb7215d
// 重构日志: 8f156df2
// 重构日志: 64134e19
// 同步 ID: fee18ca1 @ Tue Jul 21 07:18:43 UTC 2026
// 同步 ID: cc64f972 @ Tue Jul 21 15:03:57 UTC 2026
// 重构日志: f96eab42
// 同步 ID: e5cbb5bd @ Wed Jul 22 10:19:42 UTC 2026
// 同步 ID: fb430568 @ Wed Jul 22 19:10:27 UTC 2026
// 重构日志: 947d957e
// 重构日志: d1b1293c
// 重构日志: 9d712f97
// 重构日志: 87cb20f1
// 重构日志: 3001f489
// 重构日志: 8443e7ad
// 同步 ID: 1d81aa58 @ Sat Jul 25 15:38:58 UTC 2026
// 重构日志: cebb91f9
// 同步 ID: f7b1833f @ Sun Jul 26 10:27:04 UTC 2026
// 同步 ID: 17312860 @ Sun Jul 26 14:36:39 UTC 2026
// 同步 ID: 4696601f @ Mon Jul 27 05:35:57 UTC 2026
// 重构日志: 70a7d56a
// 重构日志: 83446519
// 同步 ID: 1cb1218c @ Tue Jul 28 15:26:15 UTC 2026
// 同步 ID: 464156a2 @ Tue Jul 28 17:06:18 UTC 2026
// 同步 ID: 0ec07098 @ Wed Jul 29 10:19:43 UTC 2026
// 同步 ID: 3a49d8e4 @ Fri Jul 31 05:04:53 UTC 2026
// 重构日志: 7cee8532
// 同步 ID: d79d750a @ Sun Aug  2 04:51:27 UTC 2026
// 重构日志: 965b9031
// 同步 ID: 6745429a @ Mon Aug  3 20:54:52 UTC 2026
// 重构日志: 9325e931
// 重构日志: a20b3c4f
